using System;
using System.Threading.Tasks;

namespace MyNamespace
{
    public class MyClass
    {
        private String String
        {
            get;
            set;
        }

        public MyClass(IInfo info)
        {
            this.String = "new S";
            this.Info = info;
        }

        public IInfo Info
        {
            get;
            set;
        }

        public Task DoSometihngAsync()
        {
        }
    }
}