[{"Kind":4,"Start":69,"End":267,"NewText":"\r\n{\r\n    public class MyClass\r\n    {\r\n        private String String\r\n        {\r\n            get;\r\n            set;\r\n        }\r\n\r\n        public MyClass(IInfo info)\r\n        {\r\n            this.String = \"new S\";\r\n            this.Info = info;\r\n        }\r\n\r\n        public IInfo Info\r\n        {\r\n            get;\r\n            set;\r\n        }\r\n\r\n        public Task DoSometihngAsync()\r\n        {\r\n        }\r\n    ","FilePath":"X:\\+++DEV\\MaptzGitHub\\vscode\\maptz.vscode.extensions.mcodecs\\src\\Maptz.MCodeCS.Tool.Tests\\bin\\Debug\\netcoreapp2.1\\SomeFile.cs"}]