namespace MyNamespace
{
    public class MyClass2
    {
        public IInfo Info
        {
            get;
            set;
        }
    }

    public class MyClass
    {
        public MyClass(IInfo info)
        {
            new SomeType();
            this.Info = info;
        }

        public IInfo Info
        {
            get;
            set;
        }

        public Task DoSometihngAsync()
        {
        }
    }
}