using System;
using System.Threading.Tasks;
using Microsoft.Extensions.Options;

namespace MyNamespace
{
    public class MyClass
    {
        public MyClass(IInfo info, IOptions<MyClassSettings> settings)
        {
            this.Info = info;
            this.Settings = settings.Value;
        }

        public IInfo Info
        {
            get;
            set;
        }

        public Task DoSometihngAsync()
        {
        }

        public MyClassSettings Settings
        {
            get;
        }
    }

    public class MyClassSettings
    {
    }
}